+ git rev-parse HEAD
+ git status --porcelain
+ git ls-files --stage -- domains/travel
+ git submodule deinit -f -- domains/travel
Cleared directory 'domains/travel'
Submodule 'domains/travel' (https://github.com/kinderp/tdna.git) unregistered for path 'domains/travel'
+ git rm -f domains/travel
rm 'domains/travel'
+ git rm -f .gitmodules
rm '.gitmodules'
+ git commit -m Remove transitional Travel submodule
[agent/flatten-travel-history 77ff14f] Remove transitional Travel submodule
 3 files changed, 1 insertion(+), 5 deletions(-)
 delete mode 100644 .gitmodules
 delete mode 160000 domains/travel
+ git remote
+ git remote add tdna https://github.com/kinderp/tdna.git
+ git fetch tdna main
From https://github.com/kinderp/tdna
 * branch            main       -> FETCH_HEAD
 * [new branch]      main       -> tdna/main
+ git rev-parse tdna/main
+ git subtree add --prefix=domains/travel tdna main -m Import TDNA history under domains/travel
git fetch tdna main
From https://github.com/kinderp/tdna
 * branch            main       -> FETCH_HEAD
Added dir 'domains/travel'
+ git cat-file -e 85c73ab78dd56506c5595673098adf514765de9c^{commit}
+ git merge-base --is-ancestor 85c73ab78dd56506c5595673098adf514765de9c HEAD
+ git ls-files --stage -- domains/travel
+ git cat-file -e 85c73ab78dd56506c5595673098adf514765de9c^{commit}
+ git merge-base --is-ancestor 85c73ab78dd56506c5595673098adf514765de9c HEAD
Flattening prepared successfully
